***** External Functions *****
1    AddFontRegistrationToLog                           isrt.obl(Misc.obs)
2    AppSearch                                          isrt.obl(Driver.obs)
3    CCPSearch                                          isrt.obl(Driver.obs)
4    ChangeDirectory                                    isrt.obl(Files.obs)
5    CloseFile                                          isrt.obl(Files.obs)
6    CmdGetHwndDlg                                      isrt.obl(CustomDialog.obs)
7    ComponentAddFileToLog                              isrt.obl(component.obs)
8    ComponentCompareSizeRequired                       isrt.obl(component.obs)
9    ComponentGetData                                   isrt.obl(component.obs)
10   ComponentGetTotalCost                              isrt.obl(component.obs)
11   ComponentIsItemSelected                            isrt.obl(component.obs)
12   ComponentListItems                                 isrt.obl(component.obs)
13   ComponentSelectItem                                isrt.obl(component.obs)
14   ComponentTreeInit                                  isrt.obl(Dialogs.obs)
15   CreateDir                                          isrt.obl(Files.obs)
16   CreateFile                                         isrt.obl(Files.obs)
17   CreateInstallationInfo                             isrt.obl(Registry.obs)
18   CreateRegistrySet                                  isrt.obl(Feature.obs)
19   CtrlGetNotificationCode                            isrt.obl(CustomDialog.obs)
20   CtrlGetState                                       isrt.obl(CustomDialog.obs)
21   CtrlGetText                                        isrt.obl(CustomDialog.obs)
22   CtrlSelectText                                     isrt.obl(CustomDialog.obs)
23   CtrlSetState                                       isrt.obl(CustomDialog.obs)
24   CtrlSetText                                        isrt.obl(CustomDialog.obs)
25   DIFxDriverPackageUninstall                         isrt.obl(ISDIFx.obs)
26   DRMINSTALLERPRO.DRMInstallPRO                      isrt.obl(Activation.obs)
27   DRMINSTALLERPRO.DRMUnInstallPRO                    isrt.obl(Activation.obs)
28   DefineDialog                                       isrt.obl(CustomDialog.obs)
29   Delay                                              isrt.obl(Misc.obs)
30   DeleteFile                                         isrt.obl(Files.obs)
31   DeleteSingleFile                                   isrt.obl(Files.obs)
32   DialogSetDefaultFont                               isrt.obl(Dialogs.obs)
33   DialogSetFont                                      isrt.obl(Dialogs.obs)
34   DialogSetInfo                                      isrt.obl(Dialogs.obs)
35   Disable                                            isrt.obl(Enable.obs)
36   DllSizeOf                                          isrt.obl(Str.obs)
37   Do                                                 isrt.obl(Misc.obs)
38   Enable                                             isrt.obl(Enable.obs)
39   EndCurrentDialog                                   isrt.obl(Dialogs.obs)
40   EndDialog                                          isrt.obl(CustomDialog.obs)
41   EnterDisk                                          isrt.obl(EnterDisk.obs)
42   EnterPassword                                      isrt.obl(EnterPasswordDlg.obs)
43   ExistsDir                                          isrt.obl(Files.obs)
44   ExistsDisk                                         isrt.obl(Files.obs)
45   ExitInstall                                        isrt.obl(Driver.obs)
46   EzDefineDialog                                     isrt.obl(CustomDialog.obs)
47   FeatureAddFileToLog                                isrt.obl(Feature.obs)
48   FeatureCompareSizeRequired                         isrt.obl(Feature.obs)
49   FeatureErrorInfo                                   isrt.obl(Feature.obs)
50   FeatureFilterLanguage                              isrt.obl(Feature.obs)
51   FeatureFilterOS                                    isrt.obl(Feature.obs)
52   FeatureGetData                                     isrt.obl(Feature.obs)
53   FeatureGetTotalCost                                isrt.obl(Feature.obs)
54   FeatureIsItemSelected                              isrt.obl(Feature.obs)
55   FeatureListItems                                   isrt.obl(Feature.obs)
56   FeaturePatch                                       isrt.obl(Feature.obs)
57   FeatureReinstall                                   isrt.obl(Feature.obs)
58   FeatureRemoveAllInLogOnly                          isrt.obl(Feature.obs)
59   FeatureRemoveAllInMedia                            isrt.obl(Feature.obs)
60   FeatureRemoveAllInMediaAndLog                      isrt.obl(Feature.obs)
61   FeatureSaveTarget                                  isrt.obl(Feature.obs)
62   FeatureSelectItem                                  isrt.obl(Feature.obs)
63   FeatureSelectNew                                   isrt.obl(Feature.obs)
64   FeatureTransferData                                isrt.obl(Feature.obs)
65   FeatureUpdate                                      isrt.obl(Feature.obs)
66   FeatureValidate                                    isrt.obl(Feature.obs)
67   FinalConstruct                                     ifx.obl(EventsPriv.obs)
68   FinalRelease                                       ifx.obl(EventsPriv.obs)
69   FindFile                                           isrt.obl(Files.obs)
70   FormatMessage                                      isrt.obl(Misc.obs)
71   GDI32.AddFontResource                              setup.obs
72   GDI32.CreateRectRgn                                setup.obs
73   GDI32.GetDeviceCaps                                setup.obs
74   GDI32.RemoveFontResource                           setup.obs
75   GetAddRemove                                       isrt.obl(SysVars.obs)
76   GetBillboard                                       isrt.obl(SysVars.obs)
77   GetCurrentDialogName                               isrt.obl(Dialogs.obs)
78   GetCurrentDir                                      isrt.obl(Files.obs)
79   GetDialogTitle                                     isrt.obl(Dialogs.obs)
80   GetDir                                             isrt.obl(Str.obs)
81   GetDisk                                            isrt.obl(Str.obs)
82   GetDiskSpace                                       isrt.obl(GSI.obs)
83   GetDiskSpaceEx                                     isrt.obl(GSI.obs)
84   GetEnabledIServices                                isrt.obl(SysVars.obs)
85   GetErrorMsg                                        isrt.obl(Dialogs.obs)
86   GetErrorTitle                                      isrt.obl(Dialogs.obs)
87   GetExtents                                         isrt.obl(GSI.obs)
88   GetFolderApplications                              isrt.obl(SysVars.obs)
89   GetFolderApplications64                            isrt.obl(SysVars.obs)
90   GetFolderFonts                                     isrt.obl(SysVars.obs)
91   GetISRes                                           isrt.obl(SysVars.obs)
92   GetInstallScriptMSI                                isrt.obl(SysVars.obs)
93   GetInstanceGUID                                    isrt.obl(SysVars.obs)
94   GetKeyPathWinCurrVerAuto                           isrt.obl(SysVars.obs)
95   GetLog                                             isrt.obl(SysVars.obs)
96   GetLogEx                                           isrt.obl(SysVars.obs)
97   GetMaintOption                                     isrt.obl(SysVars.obs)
98   GetMaintenance                                     isrt.obl(SysVars.obs)
99   GetMultiInstanceCount                              isrt.obl(SysVars.obs)
100  GetOpenFileMode                                    isrt.obl(Files.obs)
101  GetPackageLocation                                 isrt.obl(SysVars.obs)
102  GetProductGUID                                     isrt.obl(SysVars.obs)
103  GetProfString                                      isrt.obl(Profile.obs)
104  GetProgramFiles                                    isrt.obl(SysVars.obs)
105  GetReinstallMode                                   isrt.obl(SysVars.obs)
106  GetRemoveAllMode                                   isrt.obl(SysVars.obs)
107  GetRemoveOnly                                      isrt.obl(SysVars.obs)
108  GetSelectedLanguage                                isrt.obl(SysVars.obs)
109  GetSelectedTreeComponent                           isrt.obl(CmptView.obs)
110  GetShowPasswordDialog                              isrt.obl(SysVars.obs)
111  GetSupportDir                                      isrt.obl(SysVars.obs)
112  GetSystemInfo                                      isrt.obl(GSI.obs)
113  GetTempFolder                                      isrt.obl(SysVars.obs)
114  GetTrueTypeFontFileInfo                            isrt.obl(Misc.obs)
115  GetUserSelectableAuto                              isrt.obl(SysVars.obs)
116  GetWinDir                                          isrt.obl(SysVars.obs)
117  GetWinSysDir                                       isrt.obl(SysVars.obs)
118  GetWindowHandle                                    isrt.obl(Misc.obs)
119  HIBYTE                                             isrt.obl(Misc.obs)
120  HIWORD                                             isrt.obl(Misc.obs)
121  ISDeterminePlatform                                isrt.obl(OsInfo.obs)
122  ISMIF32.InstallStatusMIF                           isrt.obl(MIF.obs)
123  ISRT.ComponentViewSetInfoEx                        isrt.obl(Dialogs.obs)
124  ISRT.EnableHourGlass                               isrt.obl(Enable.obs)
125  ISRT.GetCPUType                                    isrt.obl(GSI.obs)
126  ISRT.GetFontSub                                    isrt.obl(Dialogs.obs)
127  ISRT.GetHandle                                     setup.obs
128  ISRT.GetPorts                                      isrt.obl(GSI.obs)
129  ISRT.IsEmpty                                       setup.obs
130  ISRT.IsNTAdmin                                     isrt.obl(Is.obs)
131  ISRT.IsObject                                      setup.obs
132  ISRT.IsPowerUser                                   isrt.obl(Is.obs)
133  ISRT.LangLoadString                                isrt.obl(SDINT.obs)
134  ISRT.MessageBeepP                                  setup.obs
135  ISRT.PathCompactPathPixel                          isrt.obl(CustomDialog.obs)
136  ISRT.PathGetDir                                    isrt.obl(Str.obs)
137  ISRT.PathGetDrive                                  isrt.obl(Str.obs)
138  ISRT.PathGetFile                                   isrt.obl(Files.obs)
139  ISRT.PathGetFileExt                                isrt.obl(Str.obs)
140  ISRT.PathGetFileName                               isrt.obl(Str.obs)
141  ISRT.PathGetPath                                   isrt.obl(Str.obs)
142  ISRT.PathGetSpecialFolder                          isrt.obl(SysVars.obs)
143  ISRT.PathIsValidSyntax                             isrt.obl(Is.obs)
144  ISRT._AppSearch                                    setup.obs
145  ISRT._BrowseForFolder                              isrt.obl(SelectDir.obs)
146  ISRT._CCPSearch                                    setup.obs
147  ISRT._CleanupInet                                  isrt.obl(MIO.obs)
148  ISRT._CloseFile                                    isrt.obl(Files.obs)
149  ISRT._CmdGetHwndDlg                                isrt.obl(CustomDialog.obs)
150  ISRT._ComponentCompareSizeRequired                 isrt.obl(Feature.obs)
151  ISRT._ComponentErrorInfo                           isrt.obl(Feature.obs)
152  ISRT._ComponentFilterLanguage                      isrt.obl(Feature.obs)
153  ISRT._ComponentFilterOS                            isrt.obl(Feature.obs)
154  ISRT._ComponentGetData                             isrt.obl(Feature.obs)
155  ISRT._ComponentGetTotalCost                        isrt.obl(Feature.obs)
156  ISRT._ComponentGetTotalCostEx                      isrt.obl(SdComponentTreeDlg.obs)
157  ISRT._ComponentIsItemSelected                      isrt.obl(Feature.obs)
158  ISRT._ComponentListItems                           isrt.obl(Feature.obs)
159  ISRT._ComponentPatch                               isrt.obl(Feature.obs)
160  ISRT._ComponentReinstall                           isrt.obl(Feature.obs)
161  ISRT._ComponentRemoveAll                           isrt.obl(Feature.obs)
162  ISRT._ComponentRemoveAllInLogOnly                  isrt.obl(Feature.obs)
163  ISRT._ComponentSaveTarget                          isrt.obl(Feature.obs)
164  ISRT._ComponentSelectItem                          isrt.obl(Feature.obs)
165  ISRT._ComponentSelectNew                           isrt.obl(Feature.obs)
166  ISRT._ComponentTransferData                        isrt.obl(Feature.obs)
167  ISRT._ComponentUpdate                              isrt.obl(Feature.obs)
168  ISRT._ComponentValidate                            isrt.obl(Feature.obs)
169  ISRT._CreateDir                                    isrt.obl(Files.obs)
170  ISRT._CreateRegistrySet                            isrt.obl(Feature.obs)
171  ISRT._CtrlGetNotificationCode                      isrt.obl(CustomDialog.obs)
172  ISRT._DIFxDriverPackageUninstall                   isrt.obl(ISDIFx.obs)
173  ISRT._DefineDialog                                 isrt.obl(CustomDialog.obs)
174  ISRT._DialogSetFont                                isrt.obl(Dialogs.obs)
175  ISRT._DisableStatus                                isrt.obl(Enable.obs)
176  ISRT._DoSprintf                                    isrt.obl(MsgBox.obs)
177  ISRT._EnableDialogCache                            isrt.obl(Enable.obs)
178  ISRT._EnablePrevDialog                             isrt.obl(AskDestPathDlg.obs)
179  ISRT._EnableSkins                                  isrt.obl(Enable.obs)
180  ISRT._EnableStatus                                 isrt.obl(Enable.obs)
181  ISRT._EnableWow64FsRedirection                     isrt.obl(Enable.obs)
182  ISRT._EndDialog                                    isrt.obl(CustomDialog.obs)
183  ISRT._ExistsDir                                    isrt.obl(Files.obs)
184  ISRT._ExistsDisk                                   isrt.obl(Files.obs)
185  ISRT._ExistsFile                                   isrt.obl(Files.obs)
186  ISRT._ExitInstall                                  setup.obs
187  ISRT._GetCurrentDialogName                         isrt.obl(Dialogs.obs)
188  ISRT._GetDiskSpaceEx                               isrt.obl(GSI.obs)
189  ISRT._GetDiskSpaceExEx                             isrt.obl(SdComponentTreeDlg.obs)
190  ISRT._GetGlobalMemorySize                          isrt.obl(GSI.obs)
191  ISRT._GetProcessorInfo                             isrt.obl(OsInfo.obs)
192  ISRT._GetSelectedTreeComponent                     isrt.obl(CmptView.obs)
193  ISRT._GetSupportDir                                isrt.obl(SysVars.obs)
194  ISRT._GetTrueTypeFontFileInfo                      isrt.obl(Misc.obs)
195  ISRT._InetEndofTransfer                            isrt.obl(iftw.obs)
196  ISRT._InetGetNextDisk                              isrt.obl(iftw.obs)
197  ISRT._InitInstall                                  setup.obs
198  ISRT._IsFontTypefaceNameAvailable                  isrt.obl(Is.obs)
199  ISRT._IsSkinLoaded                                 isrt.obl(Is.obs)
200  ISRT._IsWindowsME                                  isrt.obl(GSI.obs)
201  ISRT._IsWow64                                      isrt.obl(OsInfo.obs)
202  ISRT._ListAddItem                                  isrt.obl(scrlist.obs)
203  ISRT._ListAddString                                isrt.obl(scrlist.obs)
204  ISRT._ListCount                                    isrt.obl(scrlist.obs)
205  ISRT._ListCreate                                   isrt.obl(scrlist.obs)
206  ISRT._ListCurrentString                            isrt.obl(scrlist.obs)
207  ISRT._ListDeleteItem                               isrt.obl(scrlist.obs)
208  ISRT._ListDeleteString                             isrt.obl(scrlist.obs)
209  ISRT._ListDestroy                                  isrt.obl(scrlist.obs)
210  ISRT._ListFindString                               isrt.obl(scrlist.obs)
211  ISRT._ListGetFirstItem                             isrt.obl(scrlist.obs)
212  ISRT._ListGetFirstString                           isrt.obl(scrlist.obs)
213  ISRT._ListGetNextItem                              isrt.obl(scrlist.obs)
214  ISRT._ListGetNextString                            isrt.obl(scrlist.obs)
215  ISRT._ListGetType                                  isrt.obl(scrlist.obs)
216  ISRT._ListSetIndex                                 isrt.obl(scrlist.obs)
217  ISRT._MediaGetInfo                                 isrt.obl(Feature.obs)
218  ISRT._OnUninstPriv                                 setup.obs
219  ISRT._OpenFile                                     isrt.obl(Files.obs)
220  ISRT._Preprogram                                   setup.obs
221  ISRT._Rebooted                                     setup.obs
222  ISRT._RegCreateKey                                 isrt.obl(Registry.obs)
223  ISRT._RegDeleteValue                               isrt.obl(Registry.obs)
224  ISRT._RegEnableTextSubs                            isrt.obl(Enable.obs)
225  ISRT._RegGetOptions                                isrt.obl(SysVars.obs)
226  ISRT._RegIsRemoteRegConnected                      isrt.obl(Is.obs)
227  ISRT._RegQueryKeyBinaryValue                       isrt.obl(Registry.obs)
228  ISRT._RegQueryKeyValue                             isrt.obl(Registry.obs)
229  ISRT._RegSetKeyBinaryValue                         isrt.obl(Registry.obs)
230  ISRT._RegSetKeyValue                               isrt.obl(Registry.obs)
231  ISRT._RegSetOptions                                isrt.obl(SysVars.obs)
232  ISRT._ReleaseDialog                                isrt.obl(CustomDialog.obs)
233  ISRT._SetAltMainImage                              isrt.obl(Dialogs.obs)
234  ISRT._SetDisplayEffect                             isrt.obl(ui.obs)
235  ISRT._SetPaletteFile                               isrt.obl(MIO.obs)
236  ISRT._SetSilentSdShowMsg                           isrt.obl(Enable.obs)
237  ISRT._SetTitle                                     isrt.obl(ui.obs)
238  ISRT._SetupInet                                    isrt.obl(MIO.obs)
239  ISRT._SetupTraceWrite                              isrt.obl(Misc.obs)
240  ISRT._ShowObjWizardPages                           isrt.obl(Objects.obs)
241  ISRT._ShowWizardPages                              setup.obs
242  ISRT._StatusUpdate                                 isrt.obl(ui.obs)
243  ISRT._TreeViewCreate                               isrt.obl(CmptView.obs)
244  ISRT._WaitOnDialog                                 isrt.obl(CustomDialog.obs)
245  ISRT._WriteLine                                    isrt.obl(Files.obs)
246  ISRT.__CreateObjectContext                         isrt.obl(ISRTInit.obs)
247  ISRT.__GetCmdLineOptions                           isrt.obl(ISRTInit.obs)
248  ISRT.__GetContextGUID                              isrt.obl(ISRTInit.obs)
249  ISRT.__GetEnabledIServices                         isrt.obl(SysVars.obs)
250  ISRT.__GetFileRegistrar                            isrt.obl(ISRTInit.obs)
251  ISRT.__GetInfo                                     isrt.obl(ISRTInit.obs)
252  ISRT.__GetInstallGuid                              isrt.obl(SysVars.obs)
253  ISRT.__GetLog                                      isrt.obl(SysVars.obs)
254  ISRT.__GetLogDB                                    isrt.obl(ISRTInit.obs)
255  ISRT.__GetLogEx                                    isrt.obl(SysVars.obs)
256  ISRT.__GetMainWindow                               setup.obs
257  ISRT.__GetMaintOption                              isrt.obl(SysVars.obs)
258  ISRT.__GetMaintenanceMode                          isrt.obl(SysVars.obs)
259  ISRT.__GetObjects                                  isrt.obl(ISRTInit.obs)
260  ISRT.__GetProductGuid                              isrt.obl(SysVars.obs)
261  ISRT.__GetProgress                                 setup.obs
262  ISRT.__GetReboot                                   isrt.obl(ISRTInit.obs)
263  ISRT.__GetReinstallMode                            isrt.obl(SysVars.obs)
264  ISRT.__GetRemoveAllMode                            isrt.obl(SysVars.obs)
265  ISRT.__GetTextSub                                  isrt.obl(ISRTInit.obs)
266  ISRT.__GetUpdateMode                               isrt.obl(SysVars.obs)
267  ISRT.__GetUser                                     isrt.obl(MIO.obs)
268  ISRT.__ISRTGetPropertyBag                          ifx.obl(PersistPropertyBag.obs)
269  ISRT.__ISRTReleasePropertyBag                      ifx.obl(PersistPropertyBag.obs)
270  ISRT.__LoadString                                  isrt.obl(LoadStr.obs)
271  ISRT.__PutEnabledIServices                         isrt.obl(Enable.obs)
272  ISRT.__ReleaseObjectContext                        isrt.obl(ISRTInit.obs)
273  ISRT.__RestoreMainLog                              isrt.obl(ISRTInit.obs)
274  ISRT.__RestoreMainLogEx                            isrt.obl(ISRTInit.obs)
275  ISRT.__SetComponentLog                             isrt.obl(ISRTInit.obs)
276  ISRT.__SetUpdateMode                               isrt.obl(SysVars.obs)
277  ISRTHandleScriptException                          isrt.obl(Misc.obs)
278  ISRTOnUninstPriv                                   isrt.obl(Driver.obs)
279  ISRTPreprogram                                     isrt.obl(Driver.obs)
280  IfxFilterComponents                                ifx.obl(EventsSetupPriv.obs)
281  IfxFinalConstruct                                  ifx.obl(EventsSetupPriv.obs)
282  IfxFinalRelease                                    ifx.obl(EventsSetupPriv.obs)
283  IfxInitProperties                                  ifx.obl(PersistPropertyBag.obs)
284  IfxOnAbortInstall                                  ifx.obl(EventsPriv.obs)
285  IfxOnAppSearch                                     ifx.obl(EventsPriv.obs)
286  IfxOnCCPSearch                                     ifx.obl(EventsPriv.obs)
287  IfxOnCanceling                                     ifx.obl(EventsPriv.obs)
288  IfxOnDisk1Installed                                ifx.obl(EventsSetupPriv.obs)
289  IfxOnDisk1Installing                               ifx.obl(EventsSetupPriv.obs)
290  IfxOnExitInstall                                   ifx.obl(EventsSetupPriv.obs)
291  IfxOnFileError                                     ifx.obl(EventsSetupPriv.obs)
292  IfxOnFileLocked                                    ifx.obl(EventsSetupPriv.obs)
293  IfxOnFileReadOnly                                  ifx.obl(EventsSetupPriv.obs)
294  IfxOnGeneralScriptOp                               ifx.obl(EventsPriv.obs)
295  IfxOnHelp                                          ifx.obl(EventsPriv.obs)
296  IfxOnInitInstall                                   ifx.obl(EventsSetupPriv.obs)
297  IfxOnInternetError                                 ifx.obl(EventsSetupPriv.obs)
298  IfxOnMD5Error                                      ifx.obl(EventsSetupPriv.obs)
299  IfxOnNextDisk                                      ifx.obl(EventsSetupPriv.obs)
300  IfxOnRebooted                                      ifx.obl(EventsPriv.obs)
301  IfxOnRemovingSharedFile                            ifx.obl(EventsSetupPriv.obs)
302  IfxOnShowWizardPages                               ifx.obl(EventsSetupPriv.obs)
303  IfxOnTransferred                                   ifx.obl(EventsPriv.obs)
304  IfxOnTransferring                                  ifx.obl(EventsSetupPriv.obs)
305  IfxOnUnhandledException                            ifx.obl(EventsPriv.obs)
306  IfxOnUninst                                        ifx.obl(EventsSetupPriv.obs)
307  IfxOnUninstPriv                                    ifx.obl(EventsSetupPriv.obs)
308  IfxPostprogram                                     ifx.obl(EventsSetupPriv.obs)
309  IfxPreprogram                                      ifx.obl(EventsSetupPriv.obs)
310  IfxReadProperties                                  ifx.obl(PersistPropertyBag.obs)
311  IfxRunAfterReboot                                  ifx.obl(EventsSetupPriv.obs)
312  IfxWriteProperties                                 ifx.obl(PersistPropertyBag.obs)
313  InetEndofTransfer                                  isrt.obl(iftw.obs)
314  InetNextDisk                                       isrt.obl(iftw.obs)
315  InitInstall                                        isrt.obl(Driver.obs)
316  InitProperties                                     ifx.obl(PersistPropertyBag.obs)
317  Is                                                 isrt.obl(Is.obs)
318  IsInetInstall                                      isrt.obl(iftw.obs)
319  KERNEL.GetModuleHandle                             setup.obs
320  KERNEL32.CloseHandle                               setup.obs
321  KERNEL32.CreateFileA                               setup.obs
322  KERNEL32.DeleteFileA                               setup.obs
323  KERNEL32.FindClose                                 setup.obs
324  KERNEL32.FindFirstFileA                            setup.obs
325  KERNEL32.FindNextFileA                             setup.obs
326  KERNEL32.FormatMessageA                            setup.obs
327  KERNEL32.FreeLibrary                               setup.obs
328  KERNEL32.GetCurrentDirectoryA                      setup.obs
329  KERNEL32.GetDriveType                              setup.obs
330  KERNEL32.GetFileAttributesA                        setup.obs
331  KERNEL32.GetLocalTime                              setup.obs
332  KERNEL32.GetLocaleInfo                             setup.obs
333  KERNEL32.GetPrivateProfileString                   setup.obs
334  KERNEL32.GetPrivateProfileStringA                  setup.obs
335  KERNEL32.GetProcAddress                            setup.obs
336  KERNEL32.GetProfileStringA                         setup.obs
337  KERNEL32.GetSystemDefaultLCID                      setup.obs
338  KERNEL32.GetSystemDefaultLangID                    setup.obs
339  KERNEL32.GetSystemDefaultUILanguage                setup.obs
340  KERNEL32.GetTickCount                              setup.obs
341  KERNEL32.GetUserDefaultLangID                      setup.obs
342  KERNEL32.GetVersion                                setup.obs
343  KERNEL32.GetVersionEx                              setup.obs
344  KERNEL32.GetVolumeInformation                      setup.obs
345  KERNEL32.GetWindowsDirectory                       setup.obs
346  KERNEL32.LoadLibraryA                              setup.obs
347  KERNEL32.SetCurrentDirectoryA                      setup.obs
348  KERNEL32.SetFileAttributesA                        setup.obs
349  KERNEL32.Sleep                                     setup.obs
350  KERNEL32.WritePrivateProfileString                 setup.obs
351  KERNEL32.WritePrivateProfileStringA                setup.obs
352  KERNEL32.WriteProfileStringA                       setup.obs
353  KERNEL32.lstrlen                                   setup.obs
354  Kernel32.OpenProcess                               setup.obs
355  Kernel32.TerminateProcess                          setup.obs
356  LOBYTE                                             isrt.obl(Misc.obs)
357  LOWORD                                             isrt.obl(Misc.obs)
358  LaunchAppAndWaitInitStartupInfo                    isrt.obl(Extend.obs)
359  ListAddItem                                        isrt.obl(scrlist.obs)
360  ListAddString                                      isrt.obl(scrlist.obs)
361  ListCount                                          isrt.obl(scrlist.obs)
362  ListCreate                                         isrt.obl(scrlist.obs)
363  ListCurrentString                                  isrt.obl(scrlist.obs)
364  ListDeleteItem                                     isrt.obl(scrlist.obs)
365  ListDeleteString                                   isrt.obl(scrlist.obs)
366  ListDestroy                                        isrt.obl(scrlist.obs)
367  ListFindString                                     isrt.obl(scrlist.obs)
368  ListGetFirstItem                                   isrt.obl(scrlist.obs)
369  ListGetFirstString                                 isrt.obl(scrlist.obs)
370  ListGetNextItem                                    isrt.obl(scrlist.obs)
371  ListGetNextString                                  isrt.obl(scrlist.obs)
372  ListGetType                                        isrt.obl(scrlist.obs)
373  ListSetIndex                                       isrt.obl(scrlist.obs)
374  ListValid                                          isrt.obl(scrlist.obs)
375  ListValidType                                      isrt.obl(scrlist.obs)
376  LoadStringFromStringTable                          isrt.obl(Str.obs)
377  LogReadCustomString                                isrt.obl(Misc.obs)
378  LogReadCustomVariant                               isrt.obl(Misc.obs)
379  LogWriteCustomString                               isrt.obl(Misc.obs)
380  LogWriteCustomVariant                              isrt.obl(Misc.obs)
381  LongPathToQuote                                    isrt.obl(Str.obs)
382  MAKELONG                                           isrt.obl(Misc.obs)
383  MIFCreateMIFFile                                   isrt.obl(MIF.obs)
384  MIFDeleteMIFFile                                   isrt.obl(MIF.obs)
385  MIFInitialize                                      isrt.obl(MIF.obs)
386  MIFSetInformation                                  isrt.obl(MIF.obs)
387  MIFUnInitialize                                    isrt.obl(MIF.obs)
388  MIFWasSetInformationCalled                         isrt.obl(MIF.obs)
389  MIOShutdown                                        isrt.obl(MIO.obs)
390  MIOStartup                                         isrt.obl(MIO.obs)
391  MaintenanceStart                                   isrt.obl(Registry.obs)
392  MediaGetData                                       isrt.obl(Feature.obs)
393  MediaGetDataEx                                     isrt.obl(Feature.obs)
394  MessageBeep                                        isrt.obl(Misc.obs)
395  MessageBox                                         isrt.obl(MsgBox.obs)
396  MessageBoxEx                                       isrt.obl(MsgBox.obs)
397  OnAbort                                            ifx.obl(EventsSetup.obs)
398  OnAppSearch                                        ifx.obl(EventsSetup.obs)
399  OnBegin                                            setup.obs
400  OnCCPSearch                                        ifx.obl(EventsSetup.obs)
401  OnCanceling                                        ifx.obl(EventsSetup.obs)
402  OnCheckMediaPassword                               ifx.obl(EventsSetup.obs)
403  OnComponentError                                   ifx.obl(EventsSetup.obs)
404  OnCustomizeUninstInfo                              ifx.obl(EventsSetup.obs)
405  OnDIFxLogCallback                                  ifx.obl(EventsSetup.obs)
406  OnDIFxLogCallbackImpl                              isrt.obl(ISDIFx.obs)
407  OnEnd                                              ifx.obl(EventsSetup.obs)
408  OnFileError                                        ifx.obl(EventsSetup.obs)
409  OnFileLocked                                       ifx.obl(EventsSetup.obs)
410  OnFileReadOnly                                     ifx.obl(EventsSetup.obs)
411  OnFilterComponents                                 ifx.obl(EventsSetup.obs)
412  OnFirstUIAfter                                     ifx.obl(EventsSetup.obs)
413  OnFirstUIBefore                                    setup.obs
414  OnHelp                                             ifx.obl(EventsSetup.obs)
415  OnIISAppPoolUninstalling                           ifx.obl(EventsPriv.obs)
416  OnIISCheckRequirements                             ifx.obl(EventsPriv.obs)
417  OnIISComponentInstalled                            ifx.obl(EventsPriv.obs)
418  OnIISInitialize                                    ifx.obl(EventsPriv.obs)
419  OnIISUninitialize                                  ifx.obl(EventsPriv.obs)
420  OnIISVRootUninstalling                             ifx.obl(EventsPriv.obs)
421  OnIISWebServiceExtensionUninstalling               ifx.obl(EventsPriv.obs)
422  OnInstallDRMService                                isrt.obl(Activation.obs)
423  OnInstalledFile                                    ifx.obl(EventsSetup.obs)
424  OnInstalledFontFile                                ifx.obl(EventsSetup.obs)
425  OnInstallingFile                                   ifx.obl(EventsSetup.obs)
426  OnInternetError                                    ifx.obl(EventsSetup.obs)
427  OnLaunchAppAndWaitCallback                         ifx.obl(EventsSetup.obs)
428  OnMD5Error                                         ifx.obl(EventsSetup.obs)
429  OnMaintUIAfter                                     ifx.obl(EventsSetup.obs)
430  OnMaintUIBefore                                    setup.obs
431  OnMoveData                                         ifx.obl(EventsSetup.obs)
432  OnMoved                                            ifx.obl(EventsSetup.obs)
433  OnMoving                                           ifx.obl(EventsSetup.obs)
434  OnNetApiCreateUserAccount                          ifx.obl(EventsSetup.obs)
435  OnNetApiCreateUserAccountInternal                  isrt.obl(NetApiRT.obs)
436  OnNextDisk                                         ifx.obl(EventsSetup.obs)
437  OnRebooted                                         ifx.obl(EventsSetup.obs)
438  OnRemovingSharedFile                               ifx.obl(EventsSetup.obs)
439  OnSQLBatchScripts                                  ifx.obl(EventsPriv.obs)
440  OnSQLComponentInstalled                            ifx.obl(EventsPriv.obs)
441  OnSQLComponentUninstalled                          ifx.obl(EventsPriv.obs)
442  OnSQLServerInitialize                              ifx.obl(EventsPriv.obs)
443  OnSQLServerInitializeMaint                         ifx.obl(EventsPriv.obs)
444  OnSelfRegistrationError                            ifx.obl(EventsSetup.obs)
445  OnSetTARGETDIR                                     ifx.obl(EventsSetup.obs)
446  OnSetUpdateMode                                    setup.obs
447  OnShowUI                                           ifx.obl(EventsSetup.obs)
448  OnUnInstallDRMService                              isrt.obl(Activation.obs)
449  OnUnhandledException                               ifx.obl(EventsPriv.obs)
450  OnUninstall                                        ifx.obl(EventsSetup.obs)
451  OnUninstalledFile                                  ifx.obl(EventsSetup.obs)
452  OnUninstallingDIFxDriverFile                       ifx.obl(EventsSetup.obs)
453  OnUninstallingFile                                 ifx.obl(EventsSetup.obs)
454  OnUninstallingFontFile                             ifx.obl(EventsSetup.obs)
455  OnUpdateUIAfter                                    ifx.obl(EventsSetup.obs)
456  OnUpdateUIBefore                                   ifx.obl(EventsSetup.obs)
457  OnXMLComponentInstalled                            ifx.obl(EventsPriv.obs)
458  OnXMLComponentUninstalling                         ifx.obl(EventsPriv.obs)
459  OnXMLInitialize                                    ifx.obl(EventsPriv.obs)
460  OnXMLUninitialize                                  ifx.obl(EventsPriv.obs)
461  OpenFileMode                                       isrt.obl(Files.obs)
462  PCRestoreInit                                      isrt.obl(PCRestore.obs)
463  PCRestoreOnAbort                                   isrt.obl(PCRestore.obs)
464  PCRestoreOnBegin                                   isrt.obl(PCRestore.obs)
465  PCRestoreOnExit                                    isrt.obl(PCRestore.obs)
466  PSAPI.EnumProcessModules                           setup.obs
467  PSAPI.EnumProcesses                                setup.obs
468  PSAPI.GetModuleFileNameExA                         setup.obs
469  ParsePath                                          isrt.obl(Str.obs)
470  Postprogram                                        ifx.obl(EventsSetupPriv.obs)
471  Preprogram                                         ifx.obl(EventsSetupPriv.obs)
472  ProgDefGroupType                                   isrt.obl(Shell.obs)
473  ProgGetGroupType                                   isrt.obl(Shell.obs)
474  PthFixPath                                         isrt.obl(Pth.obs)
475  PthIsAbsPath                                       isrt.obl(Pth.obs)
476  ReadProperties                                     ifx.obl(PersistPropertyBag.obs)
477  Rebooted                                           isrt.obl(Driver.obs)
478  RegDBDeleteValue                                   isrt.obl(Registry.obs)
479  RegDBGetItem                                       isrt.obl(Registry.obs)
480  RegDBGetKeyValueEx                                 isrt.obl(Registry.obs)
481  RegDBQueryValue                                    isrt.obl(Registry.obs)
482  RegDBQueryValue32                                  isrt.obl(Registry.obs)
483  RegDBSetItem                                       isrt.obl(Registry.obs)
484  RegDBSetKeyValueEx                                 isrt.obl(Registry.obs)
485  RegDBSetValue                                      isrt.obl(Registry.obs)
486  RegDBSetValue32                                    isrt.obl(Registry.obs)
487  RegDBSetVersion                                    isrt.obl(Registry.obs)
488  RegisterFontResource                               isrt.obl(Misc.obs)
489  ReleaseDialog                                      isrt.obl(CustomDialog.obs)
490  SdAskDestPath2                                     isrt.obl(SdAskDestPath2Dlg.obs)
491  SdCloseDlg                                         isrt.obl(SDINT.obs)
492  SdComponentDlgCheckSpace                           isrt.obl(SDINT.obs)
493  SdDlgToTop                                         isrt.obl(SDINT.obs)
494  SdDoStdButton                                      isrt.obl(SDINT.obs)
495  SdEnablement                                       isrt.obl(SDINT.obs)
496  SdError                                            isrt.obl(SDINT.obs)
497  SdExceptionsInit                                   isrt.obl(SdExceptions.obs)
498  SdFeatureTree                                      isrt.obl(SdComponentTreeDlg.obs)
499  SdFinish                                           isrt.obl(SdFinishDlg.obs)
500  SdFinishReboot                                     isrt.obl(SdFinishRebootDlg.obs)
501  SdFinishUpdateEx                                   isrt.obl(SdFinishUpdate.obs)
502  SdGeneralInit                                      isrt.obl(SDINT.obs)
503  SdInit                                             isrt.obl(SDINT.obs)
504  SdIsStdButton                                      isrt.obl(SDINT.obs)
505  SdLoadString                                       isrt.obl(SDINT.obs)
506  SdMakeName                                         isrt.obl(SDINT.obs)
507  SdPlugInProductName                                isrt.obl(SDINT.obs)
508  SdSetDlgTitle                                      isrt.obl(SDINT.obs)
509  SdSetStatic                                        isrt.obl(SDINT.obs)
510  SdStartCopy2                                       isrt.obl(SdStartCopy2Dlg.obs)
511  SdSubstituteProductInfo                            isrt.obl(SDINT.obs)
512  SdUnInit                                           isrt.obl(SDINT.obs)
513  SdWelcome                                          isrt.obl(SdWelcomeDlg.obs)
514  SdWelcomeMaint                                     isrt.obl(SdWelcomeMaintDlg.obs)
515  SelectDir                                          isrt.obl(SelectDir.obs)
516  SelectDirNoLog                                     isrt.obl(SelectDir.obs)
517  SendMessage                                        isrt.obl(Misc.obs)
518  ServiceInitParams                                  isrt.obl(Service.obs)
519  SetCmdLine                                         isrt.obl(SysVars.obs)
520  SetDialogTitle                                     isrt.obl(Dialogs.obs)
521  SetDisplayEffect                                   isrt.obl(ui.obs)
522  SetExtendedErrInfo                                 isrt.obl(IsUtil.obs)
523  SetFolderDesktop                                   isrt.obl(SysVars.obs)
524  SetFolderPrograms                                  isrt.obl(SysVars.obs)
525  SetFolderStartMenu                                 isrt.obl(SysVars.obs)
526  SetFolderStartup                                   isrt.obl(SysVars.obs)
527  SetStatus                                          ifx.obl(EventsSetupPriv.obs)
528  SetStatusEx                                        ifx.obl(EventsSetupPriv.obs)
529  SetStatusExStaticText                              isrt.obl(ui.obs)
530  SetStatusWindow                                    isrt.obl(ui.obs)
531  SetTitle                                           isrt.obl(ui.obs)
532  SetupTraceWrite                                    isrt.obl(Misc.obs)
533  ShowObjWizardPages                                 isrt.obl(Objects.obs)
534  ShowWizardPages                                    isrt.obl(Driver.obs)
535  SilentCreateFile                                   isrt.obl(Silent.obs)
536  SilentDoGeneralInfo                                isrt.obl(Silent.obs)
537  SilentFailed                                       isrt.obl(Silent.obs)
538  SilentFinish                                       isrt.obl(Silent.obs)
539  SilentInit                                         isrt.obl(Silent.obs)
540  SilentLogWriteData                                 isrt.obl(Silent.obs)
541  SilentReadData                                     isrt.obl(Silent.obs)
542  SilentSetInfo                                      isrt.obl(Silent.obs)
543  SilentSetMode                                      isrt.obl(Silent.obs)
544  SilentWriteData                                    isrt.obl(Silent.obs)
545  Sprintf                                            isrt.obl(Str.obs)
546  SprintfBox                                         isrt.obl(MsgBox.obs)
547  StatusUpdate                                       isrt.obl(ui.obs)
548  StrAddLastSlash                                    isrt.obl(Str.obs)
549  StrFindEx                                          isrt.obl(Str.obs)
550  StrGetTokens                                       isrt.obl(Str.obs)
551  StrLength                                          isrt.obl(Str.obs)
552  StrRemoveLastSlash                                 isrt.obl(Str.obs)
553  StrRemoveSpaces                                    isrt.obl(Str.obs)
554  StrReplace                                         isrt.obl(Str.obs)
555  StrToNumHex                                        isrt.obl(Str.obs)
556  StrToUpper                                         isrt.obl(Str.obs)
557  SysVarsInit                                        isrt.obl(SysVars.obs)
558  SysVarsTrace                                       isrt.obl(SysVars.obs)
559  SysVarsUnInit                                      isrt.obl(SysVars.obs)
560  System                                             isrt.obl(Misc.obs)
561  TextSubGetValue                                    isrt.obl(TextSub.obs)
562  TextSubParseTextSub                                isrt.obl(TextSub.obs)
563  TextSubSetValue                                    isrt.obl(TextSub.obs)
564  TextSubSubstitute                                  isrt.obl(TextSub.obs)
565  TreeViewCreate                                     isrt.obl(CmptView.obs)
566  USER.EnableWindow                                  setup.obs
567  USER.GetClassName                                  setup.obs
568  USER.GetDC                                         setup.obs
569  USER.GetDlgItem                                    setup.obs
570  USER.GetFocus                                      setup.obs
571  USER.GetWindowLong                                 setup.obs
572  USER.IsIconic                                      setup.obs
573  USER.IsWindow                                      setup.obs
574  USER.IsWindowVisible                               setup.obs
575  USER.PostMessage                                   setup.obs
576  USER.ReleaseDC                                     setup.obs
577  USER.SendMessageA                                  setup.obs
578  USER.SetFocus                                      setup.obs
579  USER.SetForegroundWindow                           setup.obs
580  USER.SetWindowPos                                  setup.obs
581  USER.SetWindowText                                 setup.obs
582  USER.ShowWindow                                    setup.obs
583  USER32.CharUpperBuffA                              setup.obs
584  USER32.DispatchMessage                             setup.obs
585  USER32.GetSystemMetrics                            setup.obs
586  USER32.GetWindowText                               setup.obs
587  USER32.GetWindowTextLength                         setup.obs
588  USER32.MessageBoxA                                 setup.obs
589  USER32.PeekMessageA                                setup.obs
590  USER32.SendMessageA                                setup.obs
591  USER32.SetWindowLong                               setup.obs
592  USER32.SetWindowRgn                                setup.obs
593  USER32.TranslateMessage                            setup.obs
594  UpdateServiceCheckForUpdates                       isrt.obl(ISUpdateService.obs)
595  UpdateServiceEnableUpdateService                   isrt.obl(ISUpdateService.obs)
596  UpdateServiceInit                                  isrt.obl(ISUpdateService.obs)
597  UpdateServiceRegisterAfterReboot                   isrt.obl(ISUpdateService.obs)
598  UpdateServiceRegisterProductEx                     isrt.obl(ISUpdateService.obs)
599  VarInit                                            isrt.obl(SysVars.obs)
600  VarRestore                                         isrt.obl(SysVars.obs)
601  VarRestoreISRT                                     isrt.obl(SysVars.obs)
602  VarSave                                            isrt.obl(SysVars.obs)
603  VarSaveISRT                                        isrt.obl(SysVars.obs)
604  VerProductCompareVersions                          isrt.obl(version.obs)
605  VerProductGetInstalledVersion                      isrt.obl(version.obs)
606  VerProductIsVersionSupported                       isrt.obl(version.obs)
607  VerProductNumToStr                                 isrt.obl(version.obs)
608  VerProductStrToNum                                 isrt.obl(version.obs)
609  VerProductVerFromVerParts                          isrt.obl(version.obs)
610  VerProductVerPartsFromVer                          isrt.obl(version.obs)
611  WaitOnDialog                                       isrt.obl(CustomDialog.obs)
612  WizardDirection                                    ifx.obl(EventsSetupPriv.obs)
613  WriteLine                                          isrt.obl(Files.obs)
614  WriteProfInt                                       isrt.obl(Profile.obs)
615  WriteProfString                                    isrt.obl(Profile.obs)
616  WriteProperties                                    ifx.obl(PersistPropertyBag.obs)
617  __ISRTDoExit                                       isrt.obl(Misc.obs)
618  __ISRTInit                                         isrt.obl(ISRTInit.obs)
619  __ISRTRestoreMainLog                               isrt.obl(ISRTInit.obs)
620  __ISRTRestoreMainLogEx                             isrt.obl(ISRTInit.obs)
621  __ISRTSetComponentLog                              isrt.obl(ISRTInit.obs)
622  __ISRTUnInit                                       isrt.obl(ISRTInit.obs)
623  __LoadIScriptString                                isrt.obl(LoadStr.obs)
624  program                                            ifx.obl(EventsSetupPriv.obs)
625  sfc.SRSetRestorePoint                              setup.obs


***** External Variables *****
1    ADDREMOVE                                          isrt.obl(DebugSymbols.obs)
2    ADDREMOVE_COMBINEDBUTTON                           setup.obs
3    ADDREMOVE_HIDECHANGEOPTION                         setup.obs
4    ADDREMOVE_HIDEREMOVEOPTION                         setup.obs
5    ADDREMOVE_HIDEREPAIROPTION                         setup.obs
6    ADDREMOVE_STRING_REMOVEONLY                        setup.obs
7    ADDREMOVE_SYSTEMCOMPONENT                          setup.obs
8    ADMINUSER                                          setup.obs
9    ALLUSERS                                           setup.obs
10   BASICMSI                                           isrt.obl(DebugSymbols.obs)
11   BATCH_INSTALL                                      setup.obs
12   CMDLINE                                            isrt.obl(DebugSymbols.obs)
13   COMMONFILES                                        isrt.obl(DebugSymbols.obs)
14   COMMONFILES64                                      isrt.obl(DebugSymbols.obs)
15   DISABLE_ALLUSERBTN                                 setup.obs
16   DISABLE_PERUSERBTN                                 setup.obs
17   DISK1SETUPEXENAME                                  isrt.obl(DebugSymbols.obs)
18   DISK1TARGET                                        setup.obs
19   ENABLED_ISERVICES                                  isrt.obl(DebugSymbols.obs)
20   ENGINECOMMONDIR                                    isrt.obl(DebugSymbols.obs)
21   ENGINEDIR                                          isrt.obl(DebugSymbols.obs)
22   ERRORFILENAME                                      setup.obs
23   Err                                                setup.obs
24   FILETIME                                           setup.obs
25   FIND_DATA                                          setup.obs
26   FOLDER_APPDATA                                     isrt.obl(DebugSymbols.obs)
27   FOLDER_COMMON_APPDATA                              isrt.obl(DebugSymbols.obs)
28   FOLDER_DESKTOP                                     isrt.obl(DebugSymbols.obs)
29   FOLDER_DOTNET_10                                   isrt.obl(DebugSymbols.obs)
30   FOLDER_DOTNET_11                                   isrt.obl(DebugSymbols.obs)
31   FOLDER_DOTNET_20                                   isrt.obl(DebugSymbols.obs)
32   FOLDER_FONTS                                       isrt.obl(DebugSymbols.obs)
33   FOLDER_LOCAL_APPDATA                               isrt.obl(DebugSymbols.obs)
34   FOLDER_PERSONAL                                    isrt.obl(DebugSymbols.obs)
35   FOLDER_PROGRAMS                                    isrt.obl(DebugSymbols.obs)
36   FOLDER_STARTMENU                                   isrt.obl(DebugSymbols.obs)
37   FOLDER_STARTUP                                     isrt.obl(DebugSymbols.obs)
38   FOLDER_TEMP                                        isrt.obl(DebugSymbols.obs)
39   FileRegistrar                                      setup.obs
40   HKEYCURRENTROOTKEY                                 setup.obs
41   IFX_COMPANY_NAME                                   setup.obs
42   IFX_DISK1INSTALLED                                 setup.obs
43   IFX_INITIALIZED                                    setup.obs
44   IFX_INSTALLED_DISPLAY_VERSION                      setup.obs
45   IFX_INSTALLED_VERSION                              setup.obs
46   IFX_KEYPATH_PRODUCT_INFO                           setup.obs
47   IFX_MULTI_INSTANCE_SUFFIX                          setup.obs
48   IFX_PRODUCT_COMMENTS                               setup.obs
49   IFX_PRODUCT_DISPLAY_NAME                           setup.obs
50   IFX_PRODUCT_DISPLAY_VERSION                        setup.obs
51   IFX_PRODUCT_ICON                                   setup.obs
52   IFX_PRODUCT_KEY                                    setup.obs
53   IFX_PRODUCT_NAME                                   setup.obs
54   IFX_PRODUCT_README                                 setup.obs
55   IFX_PRODUCT_REGISTEREDCOMPANY                      setup.obs
56   IFX_PRODUCT_REGISTEREDOWNER                        setup.obs
57   IFX_PRODUCT_REGISTEREDSERIALNUM                    setup.obs
58   IFX_PRODUCT_SUPPORT_CONTACT                        setup.obs
59   IFX_PRODUCT_SUPPORT_PHONE                          setup.obs
60   IFX_PRODUCT_SUPPORT_URL                            setup.obs
61   IFX_PRODUCT_UPDATE_URL                             setup.obs
62   IFX_PRODUCT_URL                                    setup.obs
63   IFX_PRODUCT_VERSION                                setup.obs
64   IFX_SETUP_TITLE                                    setup.obs
65   IFX_SUPPORTED_VERSIONS                             setup.obs
66   IISROOTFOLDER                                      isrt.obl(DebugSymbols.obs)
67   INSTALLSCRIPTMSI                                   isrt.obl(DebugSymbols.obs)
68   INSTANCE_GUID                                      isrt.obl(DebugSymbols.obs)
69   ISDIFXAPPID                                        setup.obs
70   ISRES                                              isrt.obl(DebugSymbols.obs)
71   ISUSER                                             isrt.obl(DebugSymbols.obs)
72   ISUTIL_FUNCTION_ACTUAL_ERROR                       setup.obs
73   ISUTIL_LINE_NUMBER                                 setup.obs
74   ISUTIL_SCRIPT_FILE                                 setup.obs
75   ISVERSION                                          isrt.obl(DebugSymbols.obs)
76   InetSRCDIR                                         setup.obs
77   LAAW_PARAMETERS                                    setup.obs
78   LAAW_STARTUPINFO                                   setup.obs
79   LAST_RESULT                                        setup.obs
80   LogDB                                              setup.obs
81   MAINTENANCE                                        isrt.obl(DebugSymbols.obs)
82   MAINT_OPTION                                       isrt.obl(DebugSymbols.obs)
83   MEDIA                                              setup.obs
84   MEDIA_INFO                                         isrt.obl(Feature.obs)
85   MODE                                               setup.obs
86   MSG                                                setup.obs
87   MULTI_INSTANCE_COUNT                               isrt.obl(DebugSymbols.obs)
88   MainWindow                                         setup.obs
89   NOTHING                                            setup.obs
90   OSINFO_PLATFORM_INFO                               setup.obs
91   OSINFO_PROCESSOR_INFO                              setup.obs
92   OSVERSIONINFO                                      setup.obs
93   OSVERSIONINFOEX                                    setup.obs
94   Objects                                            setup.obs
95   PACKAGE_LOCATION                                   isrt.obl(DebugSymbols.obs)
96   POINT                                              setup.obs
97   PRIVILEGED                                         setup.obs
98   PRODUCT_GUID                                       isrt.obl(DebugSymbols.obs)
99   PROGRAMFILES                                       isrt.obl(DebugSymbols.obs)
100  PROGRAMFILES64                                     isrt.obl(DebugSymbols.obs)
101  RECT                                               setup.obs
102  REGDB_OPTIONS                                      setup.obs
103  REINSTALLMODE                                      isrt.obl(DebugSymbols.obs)
104  REMOVEALLMODE                                      isrt.obl(DebugSymbols.obs)
105  REMOVEONLY                                         isrt.obl(DebugSymbols.obs)
106  RUN_ONCE_PROGRAM                                   isrt.obl(DebugSymbols.obs)
107  Reboot                                             setup.obs
108  SELECTED_LANGUAGE                                  isrt.obl(DebugSymbols.obs)
109  SERVICE_IS_PARAMS                                  setup.obs
110  SETUPTYPE_STR_COMPACT                              setup.obs
111  SETUPTYPE_STR_COMPLETE                             setup.obs
112  SETUPTYPE_STR_CUSTOM                               setup.obs
113  SETUPTYPE_STR_TYPICAL                              setup.obs
114  SHELL_OBJECT_FOLDER                                setup.obs
115  SHOW_PASSWORD_DIALOG                               isrt.obl(DebugSymbols.obs)
116  SRCDIR                                             setup.obs
117  SRCDISK                                            isrt.obl(DebugSymbols.obs)
118  STARTUPINFO                                        setup.obs
119  SUPPORTDIR                                         isrt.obl(DebugSymbols.obs)
120  SYSTEMTIME                                         setup.obs
121  SetupInfo                                          setup.obs
122  StatusDlg                                          setup.obs
123  TARGETDIR                                          setup.obs
124  TARGETDISK                                         isrt.obl(DebugSymbols.obs)
125  TextSub                                            setup.obs
126  UNINST                                             setup.obs
127  UNINSTALLKEY                                       setup.obs
128  UNINSTALL_DISPLAYNAME                              setup.obs
129  UNINSTALL_STRING                                   setup.obs
130  UPDATEMODE                                         setup.obs
131  WINDIR                                             isrt.obl(DebugSymbols.obs)
132  WINDISK                                            isrt.obl(DebugSymbols.obs)
133  WINSYSDIR                                          isrt.obl(DebugSymbols.obs)
134  WINSYSDIR64                                        isrt.obl(DebugSymbols.obs)
135  WINSYSDISK                                         isrt.obl(DebugSymbols.obs)
136  _FONTFILEINFO                                      setup.obs
137  _INT64                                             setup.obs
138  _ISDIFXINSTALLERINFO                               isrt.obl(ISDIFx.obs)
139  _LAAW_PARAMETERS                                   setup.obs
140  _RESTOREINFO_                                      setup.obs
141  _RESTOREPTINFO                                     setup.obs
142  _SAFEARRAY                                         setup.obs
143  _SERVICE_IS_PARAMS                                 setup.obs
144  _SMGRSTATUS                                        setup.obs
145  _SMGSTATUS_                                        setup.obs
146  _VARIANT                                           setup.obs
147  _WIN9X                                             setup.obs
148  _WINNT                                             setup.obs
149  __SYSTEMINFORMATION                                setup.obs
150  __SYSTEMPROCESSORINFORMATION                       setup.obs
151  __hContext                                         isrt.obl(Activation.obs)
152  __objGlobalTextSub                                 setup.obs
153  __szGUID                                           isrt.obl(ISRTInit.obs)
154  bBackButton                                        setup.obs
155  bCancelButton                                      setup.obs
156  bEnterDiskBeep                                     isrt.obl(AskDestPathDlg.obs)
157  bFinishButton                                      setup.obs
158  bIFXLFNoToAll                                      setup.obs
159  bIFXLFOnRebootToAll                                setup.obs
160  bIFXLFYesToAll                                     setup.obs
161  bIFXMD5IgnoreToAll                                 setup.obs
162  bIFXRONoToAll                                      setup.obs
163  bIFXROYesToAll                                     setup.obs
164  bIFXSFNoToAll                                      setup.obs
165  bIFXSFYesToAll                                     setup.obs
166  bIfxPCHInitialized                                 setup.obs
167  bIfxPCHOn                                          setup.obs
168  bInstall16                                         setup.obs
169  bNextButton                                        setup.obs
170  bSdInit                                            setup.obs
171  bViewCmptKunits                                    setup.obs
172  bViewCmptUseDecimal                                setup.obs
173  g_bSuppressMissingStringWarning                    isrt.obl(Enable.obs)
174  nIfxPCHType                                        setup.obs
175  szAppKey                                           setup.obs
176  szSdProduct                                        setup.obs
177  szSdStr_NotEnoughSpace                             setup.obs
